// implicit typedef
// implicit typedef
// implicit typedef
// implicit typedef
// implicit typedef
#line 1 "__uint128_t0.c"
int main() {
#line 2 "__uint128_t0.c"
  __uint128_t a;
  a = (__uint128_t)3;
  return 0;
}
