// implicit typedef
// implicit typedef
// implicit typedef
// implicit typedef
// implicit typedef
#line 1 "cast0.c"
void f() { (void)f() }
#line 3 "cast0.c"
int main() {
  f();
  return 0;
}
