// implicit typedef
// implicit typedef
// implicit typedef
// implicit typedef
// implicit typedef
#line 1 "duplicated-label0.c"
int a = 1;
#line 2 "duplicated-label0.c"
int c = 0;
#line 4 "duplicated-label0.c"
int f() {
  {
    if (a && c) {
      a++;
    } else if (a) {
      c = 1;
    }
  }
  if (a && c) {
    c = -1;
  } else if (a) {
    a = 2;
  }
}
