// implicit typedef
// implicit typedef
// implicit typedef
// implicit typedef
// implicit typedef
#line 1 "pointer3.c"
struct {
  int f;
} s;
#line 4 "pointer3.c"
void f(s *[2] arr, ) {
#line 4 "pointer3.c"
  s *p = *arr;
}
