// implicit typedef
// implicit typedef
// implicit typedef
// implicit typedef
// implicit typedef
#line 1 "return1.c"
void f() {}
#line 2 "return1.c"
int main() { f() }
