// implicit typedef
// implicit typedef
// implicit typedef
// implicit typedef
// implicit typedef
#line 1 "while0.c"
void f() {
#line 2 "while0.c"
  int x = 0;

  while (1) {
    x++;
  }
}
